=== Source DataFrame ===
   sale_month category_name  revenue_cents  is_promo  revenue_dollars
0     2026-01   accessories          39500      True            395.0
1     2026-01   electronics         189900      True           1899.0
2     2026-01   electronics          24900     False            249.0
3     2026-01     furniture          56700     False            567.0
4     2026-02   accessories          31600     False            316.0
5     2026-02   electronics         129900     False           1299.0
6     2026-02     furniture          37800      True            378.0
7     2026-02        office          25200      True            252.0
8     2026-03   accessories          23700     False            237.0
9     2026-03   electronics         259800      True           2598.0
10    2026-03     furniture          18900     False            189.0
11    2026-03        office          16800      True            168.0

=== Summary DataFrame ===
   sale_month category_name  ...  total_revenue_dollars  avg_revenue_dollars
1     2026-01   electronics  ...                 2148.0               1074.0
2     2026-01     furniture  ...                  567.0                567.0
0     2026-01   accessories  ...                  395.0                395.0
4     2026-02   electronics  ...                 1299.0               1299.0
5     2026-02     furniture  ...                  378.0                378.0
3     2026-02   accessories  ...                  316.0                316.0
6     2026-02        office  ...                  252.0                252.0
8     2026-03   electronics  ...                 2598.0               2598.0
7     2026-03   accessories  ...                  237.0                237.0
9     2026-03     furniture  ...                  189.0                189.0
10    2026-03        office  ...                  168.0                168.0

[11 rows x 7 columns]

=== Summary stats ===
       total_revenue_dollars  avg_revenue_dollars
count              11.000000            11.000000
mean              777.000000           679.363636
std               855.205355           736.034547
min               168.000000           168.000000
25%               244.500000           244.500000
50%               378.000000           378.000000
75%               933.000000           820.500000
max              2598.000000          2598.000000

CSV exported to: {{PATH}}/cookbook_monthly_sales_summary.csv
