✓ Created table 'cookbook_collections'
✓ Inserted collection examples with typed parameters

After insert:
Collections (3 rows):
  id=1 name=Doc Workflow
    tags=['api', 'beta', 'blue'] (frozenset)
    permissions=[1, 1, 2, 3] (list)
    ordered_steps=['draft', 'review', 'publish'] (list)
  id=2 name=Incident Flow
    tags=['critical', 'ops'] (frozenset)
    permissions=[7, 8, 8] (list)
    ordered_steps=['detect', 'mitigate', 'report'] (list)
  id=3 name=Empty Collections
    tags=[] (frozenset)
    permissions=[] (list)
    ordered_steps=[] (list)
  rows with tag 'blue' and no permission 8: [1]
  rows whose tags are a subset of ops/critical/api: [2, 3]

Before update:
Collections (3 rows):
  id=1 name=Doc Workflow
    tags=['api', 'beta', 'blue'] (frozenset)
    permissions=[1, 1, 2, 3] (list)
    ordered_steps=['draft', 'review', 'publish'] (list)
  id=2 name=Incident Flow
    tags=['critical', 'ops'] (frozenset)
    permissions=[7, 8, 8] (list)
    ordered_steps=['detect', 'mitigate', 'report'] (list)
  id=3 name=Empty Collections
    tags=[] (frozenset)
    permissions=[] (list)
    ordered_steps=[] (list)
  rows with tag 'blue' and no permission 8: [1]
  rows whose tags are a subset of ops/critical/api: [2, 3]

✓ Updated row id=1 collections (rows affected: 1)

After update:
Collections (3 rows):
  id=1 name=Doc Workflow
    tags=['api', 'beta', 'blue', 'stable'] (frozenset)
    permissions=[1, 2, 2, 4] (list)
    ordered_steps=['draft', 'review', 'approve', 'publish'] (list)
  id=2 name=Incident Flow
    tags=['critical', 'ops'] (frozenset)
    permissions=[7, 8, 8] (list)
    ordered_steps=['detect', 'mitigate', 'report'] (list)
  id=3 name=Empty Collections
    tags=[] (frozenset)
    permissions=[] (list)
    ordered_steps=[] (list)
  rows with tag 'blue' and no permission 8: [1]
  rows whose tags are a subset of ops/critical/api: [2, 3]

✓ Cleaned up table 'cookbook_collections'
